[    0.000000] Initializing cgroup subsys cpuset
[    0.000000] Initializing cgroup subsys cpu
[    0.000000] Initializing cgroup subsys cpuacct
[    0.000000] Linux version 4.4.0-210-generic (buildd@lgw01-amd64-009) (gcc version 5.4.0 20160609 (Ubuntu 5.4.0-6ubuntu1~16.04.12) ) #242-Ubuntu SMP Fri Apr 16 09:57:56 UTC 2021 (Ubuntu 4.4.0-210.242-generic 4.4.262)
[    0.000000] Command line: BOOT_IMAGE=/boot/vmlinuz-4.4.0-210-generic root=LABEL=cloudimg-rootfs ro console=tty1 console=ttyS0
[    0.000000] KERNEL supported cpus:
[    0.000000]   Intel GenuineIntel
[    0.000000]   AMD AuthenticAMD
[    0.000000]   Centaur CentaurHauls
[    0.000000] x86/fpu: xstate_offset[2]:  576, xstate_sizes[2]:  256
[    0.000000] x86/fpu: Supporting XSAVE feature 0x01: 'x87 floating point registers'
[    0.000000] x86/fpu: Supporting XSAVE feature 0x02: 'SSE registers'
[    0.000000] x86/fpu: Supporting XSAVE feature 0x04: 'AVX registers'
[    0.000000] x86/fpu: Enabled xstate features 0x7, context size is 832 bytes, using 'standard' format.
[    0.000000] e820: BIOS-provided physical RAM map:
[    0.000000] BIOS-e820: [mem 0x0000000000000000-0x000000000009fbff] usable
[    0.000000] BIOS-e820: [mem 0x000000000009fc00-0x000000000009ffff] reserved
[    0.000000] BIOS-e820: [mem 0x00000000000f0000-0x00000000000fffff] reserved
[    0.000000] BIOS-e820: [mem 0x0000000000100000-0x000000007ffeffff] usable
[    0.000000] BIOS-e820: [mem 0x000000007fff0000-0x000000007fffffff] ACPI data
[    0.000000] BIOS-e820: [mem 0x00000000fec00000-0x00000000fec00fff] reserved
[    0.000000] BIOS-e820: [mem 0x00000000fee00000-0x00000000fee00fff] reserved
[    0.000000] BIOS-e820: [mem 0x00000000fffc0000-0x00000000ffffffff] reserved
[    0.000000] NX (Execute Disable) protection: active
[    0.000000] SMBIOS 2.5 present.
[    0.000000] Hypervisor detected: KVM
[    0.000000] e820: last_pfn = 0x7fff0 max_arch_pfn = 0x400000000
[    0.000000] MTRR: Disabled
[    0.000000] x86/PAT: MTRRs disabled, skipping PAT initialization too.
[    0.000000] CPU MTRRs all blank - virtualized system.
[    0.000000] x86/PAT: Configuration [0-7]: WB  WT  UC- UC  WB  WT  UC- UC  
[    0.000000] found SMP MP-table at [mem 0x0009fff0-0x0009ffff] mapped at [ffff88000009fff0]
[    0.000000] Scanning 1 areas for low memory corruption
[    0.000000] RAMDISK: [mem 0x362dc000-0x37165fff]
[    0.000000] ACPI: Early table checksum verification disabled
[    0.000000] ACPI: RSDP 0x00000000000E0000 000024 (v02 VBOX  )
[    0.000000] ACPI: XSDT 0x000000007FFF0030 00003C (v01 VBOX   VBOXXSDT 00000001 ASL  00000061)
[    0.000000] ACPI: FACP 0x000000007FFF00F0 0000F4 (v04 VBOX   VBOXFACP 00000001 ASL  00000061)
[    0.000000] ACPI: DSDT 0x000000007FFF0610 002353 (v02 VBOX   VBOXBIOS 00000002 INTL 20200528)
[    0.000000] ACPI: FACS 0x000000007FFF0200 000040
[    0.000000] ACPI: FACS 0x000000007FFF0200 000040
[    0.000000] ACPI: APIC 0x000000007FFF0240 00005C (v02 VBOX   VBOXAPIC 00000001 ASL  00000061)
[    0.000000] ACPI: SSDT 0x000000007FFF02A0 00036C (v01 VBOX   VBOXCPUT 00000002 INTL 20200528)
[    0.000000] No NUMA configuration found
[    0.000000] Faking a node at [mem 0x0000000000000000-0x000000007ffeffff]
[    0.000000] NODE_DATA(0) allocated [mem 0x7ffeb000-0x7ffeffff]
[    0.000000] kvm-clock: Using msrs 4b564d01 and 4b564d00
[    0.000000] kvm-clock: cpu 0, msr 0:7ffe3001, primary cpu clock
[    0.000000] kvm-clock: using sched offset of 3372119340 cycles
[    0.000000] clocksource: kvm-clock: mask: 0xffffffffffffffff max_cycles: 0x1cd42e4dffb, max_idle_ns: 881590591483 ns
[    0.000000] Zone ranges:
[    0.000000]   DMA      [mem 0x0000000000001000-0x0000000000ffffff]
[    0.000000]   DMA32    [mem 0x0000000001000000-0x000000007ffeffff]
[    0.000000]   Normal   empty
[    0.000000]   Device   empty
[    0.000000] Movable zone start for each node
[    0.000000] Early memory node ranges
[    0.000000]   node   0: [mem 0x0000000000001000-0x000000000009efff]
[    0.000000]   node   0: [mem 0x0000000000100000-0x000000007ffeffff]
[    0.000000] Initmem setup node 0 [mem 0x0000000000001000-0x000000007ffeffff]
[    0.000000] ACPI: PM-Timer IO Port: 0x4008
[    0.000000] IOAPIC[0]: apic_id 2, version 32, address 0xfec00000, GSI 0-23
[    0.000000] ACPI: INT_SRC_OVR (bus 0 bus_irq 0 global_irq 2 dfl dfl)
[    0.000000] ACPI: INT_SRC_OVR (bus 0 bus_irq 9 global_irq 9 low level)
[    0.000000] Using ACPI (MADT) for SMP configuration information
[    0.000000] smpboot: Allowing 2 CPUs, 0 hotplug CPUs
[    0.000000] PM: Registered nosave memory: [mem 0x00000000-0x00000fff]
[    0.000000] PM: Registered nosave memory: [mem 0x0009f000-0x0009ffff]
[    0.000000] PM: Registered nosave memory: [mem 0x000a0000-0x000effff]
[    0.000000] PM: Registered nosave memory: [mem 0x000f0000-0x000fffff]
[    0.000000] e820: [mem 0x80000000-0xfebfffff] available for PCI devices
[    0.000000] Booting paravirtualized kernel on KVM
[    0.000000] clocksource: refined-jiffies: mask: 0xffffffff max_cycles: 0xffffffff, max_idle_ns: 7645519600211568 ns
[    0.000000] setup_percpu: NR_CPUS:512 nr_cpumask_bits:512 nr_cpu_ids:2 nr_node_ids:1
[    0.000000] PERCPU: Embedded 33 pages/cpu @ffff88007fc00000 s95192 r8192 d31784 u1048576
[    0.000000] Built 1 zonelists in Node order, mobility grouping on.  Total pages: 515960
[    0.000000] Policy zone: DMA32
[    0.000000] Kernel command line: BOOT_IMAGE=/boot/vmlinuz-4.4.0-210-generic root=LABEL=cloudimg-rootfs ro console=tty1 console=ttyS0
[    0.000000] PID hash table entries: 4096 (order: 3, 32768 bytes)
[    0.000000] Memory: 2029984K/2096696K available (8644K kernel code, 1332K rwdata, 4044K rodata, 1492K init, 1164K bss, 66712K reserved, 0K cma-reserved)
[    0.000000] SLUB: HWalign=64, Order=0-3, MinObjects=0, CPUs=2, Nodes=1
[    0.000000] Kernel/User page tables isolation: enabled
[    0.000000] Hierarchical RCU implementation.
[    0.000000] 	Build-time adjustment of leaf fanout to 64.
[    0.000000] 	RCU restricting CPUs from NR_CPUS=512 to nr_cpu_ids=2.
[    0.000000] RCU: Adjusting geometry for rcu_fanout_leaf=64, nr_cpu_ids=2
[    0.000000] NR_IRQS:33024 nr_irqs:440 16
[    0.000000] Console: colour VGA+ 80x25
[    0.000000] console [tty1] enabled
[    0.000000] console [ttyS0] enabled
[    0.000000] tsc: Detected 2306.402 MHz processor
[    0.414145] Calibrating delay loop (skipped) preset value.. 4612.80 BogoMIPS (lpj=9225608)
[    0.419763] pid_max: default: 32768 minimum: 301
[    0.422469] ACPI: Core revision 20150930
[    0.426201] ACPI: 2 ACPI AML tables successfully acquired and loaded
[    0.430526] Security Framework initialized
[    0.432966] Yama: becoming mindful.
[    0.435228] AppArmor: AppArmor initialized
[    0.437782] Dentry cache hash table entries: 262144 (order: 9, 2097152 bytes)
[    0.445433] Inode-cache hash table entries: 131072 (order: 8, 1048576 bytes)
[    0.451726] Mount-cache hash table entries: 4096 (order: 3, 32768 bytes)
[    0.456551] Mountpoint-cache hash table entries: 4096 (order: 3, 32768 bytes)
[    0.461074] Initializing cgroup subsys io
[    0.463545] Initializing cgroup subsys memory
[    0.466125] Initializing cgroup subsys devices
[    0.470107] Initializing cgroup subsys freezer
[    0.473374] Initializing cgroup subsys net_cls
[    0.476334] Initializing cgroup subsys perf_event
[    0.479264] Initializing cgroup subsys net_prio
[    0.482005] Initializing cgroup subsys hugetlb
[    0.485276] Initializing cgroup subsys pids
[    0.504265] mce: CPU supports 0 MCE banks
[    0.507368] Last level iTLB entries: 4KB 64, 2MB 8, 4MB 8
[    0.510504] Last level dTLB entries: 4KB 64, 2MB 0, 4MB 0, 1GB 4
[    0.514805] Spectre V1 : Mitigation: usercopy/swapgs barriers and __user pointer sanitization
[    0.521018] Spectre V2 : Mitigation: Full generic retpoline
[    0.524324] Spectre V2 : Spectre v2 / SpectreRSB mitigation: Filling RSB on context switch
[    0.529166] Speculative Store Bypass: Vulnerable
[    0.531990] SRBDS: Unknown: Dependent on hypervisor status
[    0.535796] MDS: Mitigation: Clear CPU buffers
[    0.568017] Freeing SMP alternatives memory: 36K
[    0.632105] ftrace: allocating 32380 entries in 127 pages
[    1.065677] smpboot: APIC(0) Converting physical 0 to logical package 0
[    1.070737] smpboot: Max logical packages: 1
[    1.075494] x2apic enabled
[    1.078751] Switched APIC routing to physical x2apic.
[    1.088941] ..TIMER: vector=0x30 apic1=0 pin1=2 apic2=-1 pin2=-1
[    1.201461] APIC calibration not consistent with PM-Timer: 103ms instead of 100ms
[    1.206621] APIC delta adjusted to PM-Timer: 6260315 (6463312)
[    1.210503] smpboot: CPU0: Intel(R) Core(TM) i5-8259U CPU @ 2.30GHz (family: 0x6, model: 0x8e, stepping: 0xa)
[    1.216778] Performance Events: unsupported p6 CPU model 142 no PMU driver, software events only.
[    1.286933] KVM setup paravirtual spinlock
[    1.290817] x86: Booting SMP configuration:
[    1.293308] .... node  #0, CPUs:      #1
[    1.296628] kvm-clock: cpu 1, msr 0:7ffe3041, secondary cpu clock
[    1.315198] mce: CPU supports 0 MCE banks
[    1.319904] x86: Booted up 1 node, 2 CPUs
[    1.323044] smpboot: Total of 2 processors activated (9225.60 BogoMIPS)
[    1.328359] devtmpfs: initialized
[    1.332493] evm: security.selinux
[    1.334524] evm: security.SMACK64
[    1.336495] evm: security.SMACK64EXEC
[    1.338678] evm: security.SMACK64TRANSMUTE
[    1.341044] evm: security.SMACK64MMAP
[    1.343221] evm: security.ima
[    1.345022] evm: security.capability
[    1.347476] clocksource: jiffies: mask: 0xffffffff max_cycles: 0xffffffff, max_idle_ns: 7645041785100000 ns
[    1.353519] futex hash table entries: 512 (order: 3, 32768 bytes)
[    1.357568] pinctrl core: initialized pinctrl subsystem
[    1.360770] RTC time: 15:16:56, date: 03/28/23
[    1.363803] NET: Registered protocol family 16
[    1.379956] cpuidle: using governor ladder
[    1.398093] cpuidle: using governor menu
[    1.402227] PCCT header not found.
[    1.405563] ACPI: bus type PCI registered
[    1.408657] acpiphp: ACPI Hot Plug PCI Controller Driver version: 0.5
[    1.413281] PCI: Using configuration type 1 for base access
[    1.432947] ACPI: Added _OSI(Module Device)
[    1.438195] ACPI: Added _OSI(Processor Device)
[    1.442644] ACPI: Added _OSI(3.0 _SCP Extensions)
[    1.446494] ACPI: Added _OSI(Processor Aggregator Device)
[    1.451443] ACPI: Executed 1 blocks of module-level executable AML code
[    1.458682] ACPI: Interpreter enabled
[    1.460829] ACPI: (supports S0 S5)
[    1.462878] ACPI: Using IOAPIC for interrupt routing
[    1.465953] PCI: Using host bridge windows from ACPI; if necessary, use "pci=nocrs" and report a bug
[    1.477882] ACPI: PCI Root Bridge [PCI0] (domain 0000 [bus 00-ff])
[    1.481327] acpi PNP0A03:00: _OSC: OS supports [ASPM ClockPM Segments MSI]
[    1.485637] acpi PNP0A03:00: _OSC: not requesting OS control; OS requires [ExtendedConfig ASPM ClockPM MSI]
[    1.491007] acpi PNP0A03:00: fail to add MMCONFIG information, can't access extended PCI configuration space under this bridge.
[    1.497808] PCI host bridge to bus 0000:00
[    1.500422] pci_bus 0000:00: root bus resource [io  0x0000-0x0cf7 window]
[    1.504202] pci_bus 0000:00: root bus resource [io  0x0d00-0xffff window]
[    1.507912] pci_bus 0000:00: root bus resource [mem 0x000a0000-0x000bffff window]
[    1.512215] pci_bus 0000:00: root bus resource [mem 0x80000000-0xfdffffff window]
[    1.516529] pci_bus 0000:00: root bus resource [bus 00-ff]
[    1.534929] pci 0000:00:01.1: legacy IDE quirk: reg 0x10: [io  0x01f0-0x01f7]
[    1.538866] pci 0000:00:01.1: legacy IDE quirk: reg 0x14: [io  0x03f6]
[    1.542477] pci 0000:00:01.1: legacy IDE quirk: reg 0x18: [io  0x0170-0x0177]
[    1.546392] pci 0000:00:01.1: legacy IDE quirk: reg 0x1c: [io  0x0376]
[    1.598866] pci 0000:00:07.0: quirk: [io  0x4000-0x403f] claimed by PIIX4 ACPI
[    1.603185] pci 0000:00:07.0: quirk: [io  0x4100-0x410f] claimed by PIIX4 SMB
[    1.624507] ACPI: PCI Interrupt Link [LNKA] (IRQs 5 9 10 *11)
[    1.629541] ACPI: PCI Interrupt Link [LNKB] (IRQs 5 9 *10 11)
[    1.634322] ACPI: PCI Interrupt Link [LNKC] (IRQs 5 *9 10 11)
[    1.639650] ACPI: PCI Interrupt Link [LNKD] (IRQs 5 9 10 *11)
[    1.645261] ACPI: Enabled 2 GPEs in block 00 to 07
[    1.648918] vgaarb: setting as boot device: PCI:0000:00:02.0
[    1.652234] vgaarb: device added: PCI:0000:00:02.0,decodes=io+mem,owns=io+mem,locks=none
[    1.656793] vgaarb: loaded
[    1.659023] vgaarb: bridge control possible 0000:00:02.0
[    1.662293] SCSI subsystem initialized
[    1.664896] ACPI: bus type USB registered
[    1.667569] usbcore: registered new interface driver usbfs
[    1.670678] usbcore: registered new interface driver hub
[    1.673661] usbcore: registered new device driver usb
[    1.677156] PCI: Using ACPI for IRQ routing
[    1.680543] NetLabel: Initializing
[    1.682565] NetLabel:  domain hash size = 128
[    1.685094] NetLabel:  protocols = UNLABELED CIPSOv4
[    1.687913] NetLabel:  unlabeled traffic allowed by default
[    1.691645] amd_nb: Cannot enumerate AMD northbridges
[    1.694693] clocksource: Switched to clocksource kvm-clock
[    1.711196] AppArmor: AppArmor Filesystem Enabled
[    1.715088] pnp: PnP ACPI init
[    1.718549] pnp: PnP ACPI: found 3 devices
[    1.736624] clocksource: acpi_pm: mask: 0xffffff max_cycles: 0xffffff, max_idle_ns: 2085701024 ns
[    1.741651] NET: Registered protocol family 2
[    1.744637] TCP established hash table entries: 16384 (order: 5, 131072 bytes)
[    1.748923] TCP bind hash table entries: 16384 (order: 6, 262144 bytes)
[    1.752919] TCP: Hash tables configured (established 16384 bind 16384)
[    1.756722] UDP hash table entries: 1024 (order: 3, 32768 bytes)
[    1.760259] UDP-Lite hash table entries: 1024 (order: 3, 32768 bytes)
[    1.763946] NET: Registered protocol family 1
[    1.766439] pci 0000:00:00.0: Limiting direct PCI/PCI transfers
[    1.769832] pci 0000:00:01.0: Activating ISA DMA hang workarounds
[    1.773591] Unpacking initramfs...
[    2.017591] Freeing initrd memory: 14888K
[    2.023469] clocksource: tsc: mask: 0xffffffffffffffff max_cycles: 0x213ed4ec478, max_idle_ns: 440795243837 ns
[    2.031701] platform rtc_cmos: registered platform RTC device (no PNP device found)
[    2.036572] Scanning for low memory corruption every 60 seconds
[    2.041255] audit: initializing netlink subsys (disabled)
[    2.044531] audit: type=2000 audit(1680016622.004:1): initialized
[    2.048481] Initialise system trusted keyring
[    2.052089] HugeTLB registered 2 MB page size, pre-allocated 0 pages
[    2.057316] zbud: loaded
[    2.060036] VFS: Disk quotas dquot_6.6.0
[    2.062832] VFS: Dquot-cache hash table entries: 512 (order 0, 4096 bytes)
[    2.067331] squashfs: version 4.0 (2009/01/31) Phillip Lougher
[    2.071558] fuse init (API version 7.23)
[    2.074428] Key type big_key registered
[    2.076999] Allocating IMA MOK and blacklist keyrings.
[    2.083576] Key type asymmetric registered
[    2.086468] Asymmetric key parser 'x509' registered
[    2.089546] Block layer SCSI generic (bsg) driver version 0.4 loaded (major 249)
[    2.094416] io scheduler noop registered
[    2.097081] io scheduler deadline registered (default)
[    2.100401] io scheduler cfq registered
[    2.103054] pci_hotplug: PCI Hot Plug PCI Core version: 0.5
[    2.106522] pciehp: PCI Express Hot Plug Controller Driver version: 0.4
[    2.111117] ACPI: AC Adapter [AC] (off-line)
[    2.113930] input: Power Button as /devices/LNXSYSTM:00/LNXPWRBN:00/input/input0
[    2.118482] ACPI: Power Button [PWRF]
[    2.121257] input: Sleep Button as /devices/LNXSYSTM:00/LNXSLPBN:00/input/input1
[    2.126685] ACPI: Sleep Button [SLPF]
[    2.129704] GHES: HEST is not enabled!
[    2.131363] ACPI: Battery Slot [BAT0] (battery present)
[    2.135669] Serial: 8250/16550 driver, 32 ports, IRQ sharing enabled
[    2.164342] 00:02: ttyS0 at I/O 0x3f8 (irq = 4, base_baud = 115200) is a 16550A
[    2.173930] Linux agpgart interface v0.103
[    2.180506] loop: module loaded
[    2.184825] scsi host0: ata_piix
[    2.187619] scsi host1: ata_piix
[    2.189855] ata1: PATA max UDMA/33 cmd 0x1f0 ctl 0x3f6 bmdma 0xd000 irq 14
[    2.193975] ata2: PATA max UDMA/33 cmd 0x170 ctl 0x376 bmdma 0xd008 irq 15
[    2.199335] libphy: Fixed MDIO Bus: probed
[    2.202659] tun: Universal TUN/TAP device driver, 1.6
[    2.207142] tun: (C) 1999-2004 Max Krasnyansky <maxk@qualcomm.com>
[    2.211852] PPP generic driver version 2.4.2
[    2.215093] ehci_hcd: USB 2.0 'Enhanced' Host Controller (EHCI) Driver
[    2.219256] ehci-pci: EHCI PCI platform driver
[    2.222872] ehci-platform: EHCI generic platform driver
[    2.226348] ohci_hcd: USB 1.1 'Open' Host Controller (OHCI) Driver
[    2.230133] ohci-pci: OHCI PCI platform driver
[    2.234309] ohci-platform: OHCI generic platform driver
[    2.238060] uhci_hcd: USB Universal Host Controller Interface driver
[    2.242904] i8042: PNP: PS/2 Controller [PNP0303:PS2K,PNP0f03:PS2M] at 0x60,0x64 irq 1,12
[    2.250204] serio: i8042 KBD port at 0x60,0x64 irq 1
[    2.253421] serio: i8042 AUX port at 0x60,0x64 irq 12
[    2.256661] mousedev: PS/2 mouse device common for all mice
[    2.263145] input: AT Translated Set 2 keyboard as /devices/platform/i8042/serio0/input/input2
[    2.269028] rtc_cmos rtc_cmos: rtc core: registered rtc_cmos as rtc0
[    2.273745] rtc_cmos rtc_cmos: alarms up to one day, 114 bytes nvram
[    2.277334] i2c /dev entries driver
[    2.279536] device-mapper: uevent: version 1.0.3
[    2.282602] device-mapper: ioctl: 4.34.0-ioctl (2015-10-28) initialised: dm-devel@redhat.com
[    2.287814] ledtrig-cpu: registered to indicate activity on CPUs
[    2.292607] NET: Registered protocol family 10
[    2.295616] NET: Registered protocol family 17
[    2.298176] Key type dns_resolver registered
[    2.302051] registered taskstats version 1
[    2.304477] Loading compiled-in X.509 certificates
[    2.307712] Loaded X.509 cert 'Build time autogenerated kernel key: cf00e047681d67edb2720680708b7d9498083038'
[    2.313267] zswap: loaded using pool lzo/zbud
[    2.318988] Key type trusted registered
[    2.325169] Key type encrypted registered
[    2.327554] AppArmor: AppArmor sha1 policy hashing enabled
[    2.330762] ima: No TPM chip found, activating TPM-bypass!
[    2.333829] ima: Allocated hash algorithm: sha1
[    2.336670] evm: HMAC attrs: 0x1
[    2.339495]   Magic number: 15:396:286
[    2.342088] ppp ppp: hash matches
[    2.344460] rtc_cmos rtc_cmos: setting system clock to 2023-03-28 15:16:57 UTC (1680016617)
[    2.349523] BIOS EDD facility v0.16 2004-Jun-25, 0 devices found
[    2.353189] EDD information not available.
[    2.404470] Freeing unused kernel memory: 1492K
[    2.407442] Write protecting the kernel read-only data: 14336k
[    2.411405] Freeing unused kernel memory: 1584K
[    2.414446] Freeing unused kernel memory: 52K
Loading, please wait...
starting version 229
[    2.435159] random: systemd-udevd: uninitialized urandom read (16 bytes read, 5 bits of entropy available)
[    2.436536] random: udevadm: uninitialized urandom read (16 bytes read, 5 bits of entropy available)
[    2.436596] random: udevadm: uninitialized urandom read (16 bytes read, 5 bits of entropy available)
[    2.452660] random: systemd-udevd: uninitialized urandom read (16 bytes read, 5 bits of entropy available)
[    2.454926] random: udevadm: uninitialized urandom read (16 bytes read, 5 bits of entropy available)
[    2.455029] random: udevadm: uninitialized urandom read (16 bytes read, 5 bits of entropy available)
[    2.455496] random: udevadm: uninitialized urandom read (16 bytes read, 5 bits of entropy available)
[    2.455763] random: udevadm: uninitialized urandom read (16 bytes read, 5 bits of entropy available)
[    2.455912] random: udevadm: uninitialized urandom read (16 bytes read, 5 bits of entropy available)
[    2.456036] random: udevadm: uninitialized urandom read (16 bytes read, 5 bits of entropy available)
[    2.544127] e1000: Intel(R) PRO/1000 Network Driver - version 7.3.21-k8-NAPI
[    2.548601] e1000: Copyright (c) 1999-2006 Intel Corporation.
[    2.560975] Fusion MPT base driver 3.04.20
[    2.564041] Copyright (c) 1999-2008 LSI Corporation
[    2.579674] Fusion MPT SPI Host driver 3.04.20
[    2.598833] AVX2 version of gcm_enc/dec engaged.
[    2.602132] AES CTR mode by8 optimization enabled
[    2.783899] input: ImExPS/2 Generic Explorer Mouse as /devices/platform/i8042/serio1/input/input4
[    3.053284] e1000 0000:00:03.0 eth0: (PCI:33MHz:32-bit) 02:be:82:6b:cc:1d
[    3.057160] e1000 0000:00:03.0 eth0: Intel(R) PRO/1000 Network Connection
[    3.062983] mptbase: ioc0: Initiating bringup
[    3.141612] ioc0: LSI53C1030 A0: Capabilities={Initiator}
[    3.314866] scsi host2: ioc0: LSI53C1030 A0, FwRev=00000000h, Ports=1, MaxQ=256, IRQ=20
[    3.433148] scsi 2:0:0:0: Direct-Access     VBOX     HARDDISK         1.0  PQ: 0 ANSI: 5
[    3.443263] scsi target2:0:0: Beginning Domain Validation
[    3.449915] scsi target2:0:0: Domain Validation skipping write tests
[    3.453883] scsi target2:0:0: Ending Domain Validation
[    3.456964] scsi target2:0:0: asynchronous
[    3.460250] scsi 2:0:1:0: Direct-Access     VBOX     HARDDISK         1.0  PQ: 0 ANSI: 5
[    3.468934] scsi target2:0:1: Beginning Domain Validation
[    3.474217] scsi target2:0:1: Domain Validation skipping write tests
[    3.477814] scsi target2:0:1: Ending Domain Validation
[    3.484810] scsi target2:0:1: asynchronous
[    3.508466] sd 2:0:0:0: [sda] 83886080 512-byte logical blocks: (42.9 GB/40.0 GiB)
[    3.513382] sd 2:0:0:0: Attached scsi generic sg0 type 0
[    3.517275] sd 2:0:0:0: [sda] Write Protect is off
[    3.520796] sd 2:0:1:0: [sdb] 20480 512-byte logical blocks: (10.5 MB/10.0 MiB)
[    3.526035] sd 2:0:1:0: [sdb] Write Protect is off
[    3.529345] sd 2:0:1:0: [sdb] Incomplete mode parameter data
[    3.533078] sd 2:0:1:0: [sdb] Assuming drive cache: write through
[    3.537038] sd 2:0:1:0: Attached scsi generic sg1 type 0
[    3.540841] sd 2:0:0:0: [sda] Incomplete mode parameter data
[    3.544455] sd 2:0:0:0: [sda] Assuming drive cache: write through
[    3.552992]  sda: sda1
[    3.556247] sd 2:0:1:0: [sdb] Attached SCSI disk
[    3.560651] sd 2:0:0:0: [sda] Attached SCSI disk
[    3.927417] e1000 0000:00:08.0 eth1: (PCI:33MHz:32-bit) 08:00:27:b9:97:c6
[    3.931549] e1000 0000:00:08.0 eth1: Intel(R) PRO/1000 Network Connection
[    3.938002] e1000 0000:00:08.0 enp0s8: renamed from eth1
[    3.947169] e1000 0000:00:03.0 enp0s3: renamed from eth0
Begin: Loading essential drivers ... [    5.566307] md: linear personality registered for level -1
[    5.572604] md: multipath personality registered for level -4
[    5.578561] md: raid0 personality registered for level 0
[    5.589520] md: raid1 personality registered for level 1
[    5.662805] raid6: sse2x1   gen() 11392 MB/s
[    5.732127] raid6: sse2x1   xor()  8876 MB/s
[    5.803489] raid6: sse2x2   gen() 14431 MB/s
[    5.871455] raid6: sse2x2   xor()  9153 MB/s
[    5.939247] raid6: sse2x4   gen() 16192 MB/s
[    6.006700] raid6: sse2x4   xor() 10673 MB/s
[    6.075567] raid6: avx2x1   gen() 20968 MB/s
[    6.143323] raid6: avx2x2   gen() 27991 MB/s
[    6.210754] raid6: avx2x4   gen() 29685 MB/s
[    6.213310] raid6: using algorithm avx2x4 gen() 29685 MB/s
[    6.216465] raid6: using avx2x2 recovery algorithm
[    6.221227] xor: automatically using best checksumming function:
[    6.390250]    avx       : 202426.000 MB/sec
[    6.398766] async_tx: api initialized (async)
[    6.424465] md: raid6 personality registered for level 6
[    6.427827] md: raid5 personality registered for level 5
[    6.430799] md: raid4 personality registered for level 4
[    6.446123] md: raid10 personality registered for level 10
done.
Begin: Running /scripts/init-premount ... done.
Begin: Mounting root file system ... Begin: Running /scripts/local-top ... done.
Begin: Running /scripts/local-premount ... [    6.510317] Btrfs loaded
Scanning for Btrfs filesystems
done.
Warning: fsck not present, so skipping root file system
[    6.547759] EXT4-fs (sda1): mounted filesystem with ordered data mode. Opts: (null)
done.
Begin: Running /scripts/local-bottom ... done.
Begin: Running /scripts/init-bottom ... done.
[    6.688597] systemd[1]: systemd 229 running in system mode. (+PAM +AUDIT +SELINUX +IMA +APPARMOR +SMACK +SYSVINIT +UTMP +LIBCRYPTSETUP +GCRYPT +GNUTLS +ACL +XZ -LZ4 +SECCOMP +BLKID +ELFUTILS +KMOD -IDN)
[    6.698656] systemd[1]: Detected virtualization oracle.
[    6.701861] systemd[1]: Detected architecture x86-64.

Welcome to [1mUbuntu 16.04.7 LTS[0m!

[    6.710616] systemd[1]: Set hostname to <ubuntu>.
[    6.716849] systemd[1]: Initializing machine ID from random generator.
[    6.720684] systemd[1]: Installed transient /etc/machine-id file.
[    6.894666] systemd[1]: Listening on LVM2 metadata daemon socket.
[[0;32m  OK  [0m] Listening on LVM2 metadata daemon socket.
[    6.901024] systemd[1]: Listening on Syslog Socket.
[[0;32m  OK  [0m] Listening on Syslog Socket.
[    6.906282] systemd[1]: Listening on Journal Socket (/dev/log).
[[0;32m  OK  [0m] Listening on Journal Socket (/dev/log).
[    6.912347] systemd[1]: Reached target Encrypted Volumes.
[[0;32m  OK  [0m] Reached target Encrypted Volumes.
[    6.918024] systemd[1]: Started Forward Password Requests to Wall Directory Watch.
[[0;32m  OK  [0m] Started Forward Password Requests to Wall Directory Watch.
[    6.925992] systemd[1]: Listening on fsck to fsckd communication Socket.
[[0;32m  OK  [0m] Listening on fsck to fsckd communication Socket.
[    6.932784] systemd[1]: Listening on /dev/initctl Compatibility Named Pipe.
[[0;32m  OK  [0m] Listening on /dev/initctl Compatibility Named Pipe.
[    6.939693] systemd[1]: Reached target Swap.
[[0;32m  OK  [0m] Reached target Swap.
[    6.945552] systemd[1]: Set up automount Arbitrary Executable File Formats File System Automount Point.
[[0;32m  OK  [0m] Set up automount Arbitrary Executab...ats File System Automount Point.
[    6.954793] systemd[1]: Reached target User and Group Name Lookups.
[[0;32m  OK  [0m] Reached target User and Group Name Lookups.
[    6.961277] systemd[1]: Started Trigger resolvconf update for networkd DNS.
[[0;32m  OK  [0m] Started Trigger resolvconf update for networkd DNS.
[    6.970006] systemd[1]: Listening on Journal Audit Socket.
[[0;32m  OK  [0m] Listening on Journal Audit Socket.
[    6.976606] systemd[1]: Created slice User and Session Slice.
[[0;32m  OK  [0m] Created slice User and Session Slice.
[    6.983178] systemd[1]: Listening on udev Kernel Socket.
[[0;32m  OK  [0m] Listening on udev Kernel Socket.
[    6.989055] systemd[1]: Listening on Device-mapper event daemon FIFOs.
[[0;32m  OK  [0m] Listening on Device-mapper event daemon FIFOs.
[    6.996023] systemd[1]: Listening on udev Control Socket.
[[0;32m  OK  [0m] Listening on udev Control Socket.
[    7.002174] systemd[1]: Created slice System Slice.
[[0;32m  OK  [0m] Created slice System Slice.
[    7.007858] systemd[1]: Reached target Slices.
[[0;32m  OK  [0m] Reached target Slices.
[    7.013012] systemd[1]: Listening on Journal Socket.
[[0;32m  OK  [0m] Listening on Journal Socket.
[    7.031677] systemd[1]: Starting File System Check on Root Device...
         Starting File System Check on Root Device...
[    7.083709] systemd[1]: Starting Nameserver information manager...
         Starting Nameserver information manager...
[    7.096457] systemd[1]: Starting Set console keymap...
         Starting Set console keymap...
[    7.107020] systemd[1]: Mounting Debug File System...
         Mounting Debug File System...
[    7.115146] systemd[1]: Starting Journal Service...
         Starting Journal Service...
[    7.123151] systemd[1]: Starting Monitoring of LVM2 mirrors, snapshots etc. using dmeventd or progress polling...
         Starting Monitoring of LVM2 mirrors... dmeventd or progress polling...
[    7.142363] systemd[1]: Starting Create list of required static device nodes for the current kernel...
         Starting Create list of required st... nodes for the current kernel...
[    7.168215] systemd[1]: Mounting Huge Pages File System...
         Mounting Huge Pages File System...
[    7.192631] systemd[1]: Mounting POSIX Message Queue File System...
         Mounting POSIX Message Queue File System...
[    7.203224] systemd[1]: Starting Load Kernel Modules...
         Starting Load Kernel Modules...
[    7.211153] systemd[1]: Listening on LVM2 poll daemon socket.
[[0;32m  OK  [0m] Listening on LVM2 poll daemon socket.
[    7.222387] systemd[1]: Starting Uncomplicated firewall...
         Starting Uncomplicated firewall...
[    7.229724] Loading iSCSI transport class v2.0-870.
[    7.230200] systemd[1]: Reached target System Time Synchronized.
[[0;32m  OK  [0m] Reached target System Time Synchronized.
[    7.242435] systemd[1]: Created slice system-serial\x2dgetty.slice.
[[0;32m  OK  [0m] Created slice system-serial\x2dgetty.slice.
[    7.254700] iscsi: registered transport (tcp)
[    7.269205] systemd[1]: Mounted Huge Pages File System.
[    7.272761] random: nonblocking pool is initialized
[[0;32m  OK  [0m] Mounted Huge Pages File System.
[    7.280358] systemd[1]: Mounted POSIX Message Queue File System.
[[0;32m  OK  [0m] Mounted POSIX Message Queue File System.
[    7.292793] systemd[1]: Mounted Debug File System.
[[0;32m  OK  [0m] Mounted Debug File System.
[    7.302105] systemd[1]: Started Journal Service.
[[0;32m  OK  [0[    7.323916] iscsi: registered transport (iser)
m] Started Journal Service.
[[0;32m  OK  [0m] Started File System Check on Root Device.
[[0;32m  OK  [0m] Started Set console keymap.
[[0;32m  OK  [0m] Started Create list of required sta...ce nodes for the current kernel.
[[0;32m  OK  [0m] Started Load Kernel Modules.
[[0;32m  OK  [0m] Started Uncomplicated firewall.
[[0;32m  OK  [0m] Started Nameserver information manager.
[[0;32m  OK  [0m] Started LVM2 metadata daemon.
[[0;32m  OK  [0m] Started File System Check Daemon to report status.
         Starting Apply Kernel Variables...
         Mounting FUSE Control File System...
         Starting Create Static Device Nodes in /dev...
         Starting Remount Root and Kernel File Systems...
[[0;32m  OK  [0m] Mounted FUSE Control File System.
[[0;32m  OK  [0m] Started Apply Kernel Variables.
[[0;32m  OK  [0m] Started Remount Root and Kernel File Systems.
         Starting Flush Journal to Persistent Storage...
         Starting udev Coldplug all Devices...
         Starting Load/Save Random Seed...
[[0;32m  OK  [0m] Started Create Static Device Nodes in /dev.
[[0;32m  OK  [0m] Started Load/Save Random Seed.
         Starting udev Kernel Device Manager...
[[0;32m  OK  [0m] Started Flush Journal to Persistent Storage.
[[0;32m  OK  [0m] Started Monitoring of LVM2 mirrors,...ng dmeventd or progress polling.
[[0;32m  OK  [0m] Reached target Local File Systems (Pre).
[[0;32m  OK  [0m] Reached target Local File Systems.
         Starting Commit a transient machine-id on disk...
         Starting LSB: AppArmor initialization...
         Starting Create Volatile Files and Directories...
         Starting Set console font and keymap...
         Starting Tell Plymouth To Write Out Runtime Data...
         Starting Initial cloud-init job (pre-networking)...
[[0;32m  OK  [0m] Started udev Kernel Device Manager.
[[0;32m  OK  [0m] Started udev Coldplug all Devices.
[[0;32m  OK  [0m] Started Dispatch Password Requests to Console Directory Watch.
[[0;32m  OK  [0m] Started Tell Plymouth To Write Out Runtime Data.
[[0;32m  OK  [0m] Started Create Volatile Files and Directories.
         Starting Update UTMP about System Boot/Shutdown...
[[0;32m  OK  [0m] Started Commit a transient machine-id on disk.
[[0;32m  OK  [0m] Started Update UTMP about System Boot/Shutdown.
[[0;32m  OK  [0m] Found device /dev/ttyS0.
[[0;32m  OK  [0m] Listening on Load/Save RF Kill Switch Status /dev/rfkill Watch.
[    8.729611] cloud-init[491]: Cloud-init v. 21.1-19-gbad84ad4-0ubuntu1~16.04.2 running 'init-local' at Tue, 28 Mar 2023 15:17:04 +0000. Up 8.21 seconds.
[[0;32m  OK  [0m] Started Initial cloud-init job (pre-networking).
[[0;32m  OK  [0m] Started LSB: AppArmor initialization.
[[0;32m  OK  [0m] Started Set console font and keymap.
[[0;32m  OK  [0m] Created slice system-getty.slice.
         Starting Load AppArmor profiles managed internally by snapd...
[[0;32m  OK  [0m] Reached target Network (Pre).
         Starting Raise network interfaces...
[[0;32m  OK  [0m] Started Load AppArmor profiles managed internally by snapd.
[[0;32m  OK  [0m] Started Raise network interfaces.
[[0;32m  OK  [0m] Reached target Network.
         Starting Initial cloud-init job (metadata service crawler)...
[   10.350044] cloud-init[949]: Cloud-init v. 21.1-19-gbad84ad4-0ubuntu1~16.04.2 running 'init' at Tue, 28 Mar 2023 15:17:05 +0000. Up 9.88 seconds.
[   10.355805] cloud-init[949]: ci-info: ++++++++++++++++++++++++++++++++++++++Net device info+++++++++++++++++++++++++++++++++++++++
[   10.361156] cloud-init[949]: ci-info: +--------+-------+----------------------------+---------------+--------+-------------------+
[   10.367834] cloud-init[949]: ci-info: | Device |   Up  |          Address           |      Mask     | Scope  |     Hw-Address    |
[   10.374906] cloud-init[949]: ci-info: +--------+-------+----------------------------+---------------+--------+-------------------+
[   10.381036] cloud-init[949]: ci-info: | enp0s3 |  True |         10.0.2.15          | 255.255.255.0 | global | 02:be:82:6b:cc:1d |
[   10.386747] cloud-init[949]: ci-info: | enp0s3 |  True | fe80::be:82ff:fe6b:cc1d/64 |       .       |  link  | 02:be:82:6b:cc:1d |
[   10.392335] cloud-init[949]: ci-info: | enp0s8 | False |             .              |       .       |   .    | 08:00:27:b9:97:c6 |
[   10.397828] cloud-init[949]: ci-info: |   lo   |  True |         127.0.0.1          |   255.0.0.0   |  host  |         .         |
[   10.404841] cloud-init[949]: ci-info: |   lo   |  True |          ::1/128           |       .       |  host  |         .         |
[   10.410543] cloud-init[949]: ci-info: +--------+-------+----------------------------+---------------+--------+-------------------+
[   10.417057] cloud-init[949]: ci-info: +++++++++++++++++++++++++++Route IPv4 info++++++++++++++++++++++++++++
[   10.422403] cloud-init[949]: ci-info: +-------+-------------+----------+---------------+-----------+-------+[[0;32m  OK  [0m] Started Initial cloud-init job (metadata service crawler).
[[0;32m  OK  [0m] Reached target Network is Online.

[   10.430782] cloud-init[949]: ci-info: | Route | Destination | Gateway  |    Genmask    | Interface | Flags |
[   10.435369] cloud-init[949]: ci-info: +-------+-------------+----------+---------------+-----------+-------+         Starting iSCSI initiator daemon (iscsid)...
[[0;32m  OK  [0m] Reached target System Initialization.
[[0;32m  OK  [0m] Started Daily apt download activities.

[   10.443978] cloud-init[949]: ci-info: |   0   |   0.0.0.0   | 10.0.2.2 |    0.0.0.0    |   enp0s3  |   UG  |         Starting LXD - unix socket.
[[0;32m  OK  [0m] Listening on D-Bus System Message Bus Socket.
[[0;32m  OK  [0m] Started Daily apt upgrade and clean activities.

[   10.455074] cloud-init[949]: [[0;32m  OK  [0m] Started ACPI Events Check.
[[0;32m  OK  [0m] Reached target Paths.
[[0;32m  OK  [0m] Started Ubuntu Advantage update messaging.
[[0;32m  OK  [0m] Started Daily Cleanup of Temporary Directories.
[[0;32m  OK  [0m] Listening on UUID daemon activation socket.
[[0;32m  OK  [0m] Listening on ACPID Listen Socket.
         Starting Socket activation for snappy daemon.
[[0;32m  OK  [0m] Started Message of the Day.
[[0;32m  OK  [0m] Reached target Timers.
[[0;32m  OK  [0m] Reached target Cloud-config availability.
[[0;32m  OK  [0m] Listening on LXD - unix socket.
[[0;32m  OK  [0m] Listening on Socket activation for snappy daemon.
[[0;32m  OK  [0m] Reached target Sockets.
[[0;32m  OK  [0m] Reached target Basic System.
ci-info: |   1   |   10.0.2.0  | 0.0.0.0  | 255.255.255.0 |   enp0s3  |   U   |
[[0;32m  OK  [0m] Started Regular background program processing daemon.
         Starting Login Service...
         Starting LSB: MD monitoring daemon...
[   10.477692] [[0;32m  OK  [0m] Started ACPI event daemon.
cloud-init[949]: ci-info: +-------+-------------+----------+---------------+-----------+-------+         Starting /etc/rc.local Compatibility...

[   10.495987] cloud-init[949]: ci-info: +++++++++++++++++++Route IPv6 info+++++++++++++++++++         Starting Accounts Service...

[   10.502992] cloud-init[949]: ci-info: +-------+-------------+---------+-----------+-------+[[0;32m  OK  [0m] Started FUSE filesystem for LXC.

         Starting Virtualbox guest utils...
[[0;32m  OK  [0m] Started Deferred execution scheduler.
[[0;32m  OK  [0m] Started D-Bus System Message Bus.
[   10.510449] cloud-init[949]: ci-info: | Route | Destination | Gateway | Interface | Flags |
[   10.531988] cloud-init[949]: ci-info: +-------+-------------+---------+-----------+-------+
[   10.536487] cloud-init[949]: ci-info: |   0   |  fe80::/64  |    ::   |   enp0s3  |   U   |
[   10.541803] cloud-init[949]: ci-info: |   3   |   ff00::/8  |    ::   |   enp0s3  |   U   |
[   10.546765] cloud-init[949]: ci-info: +-------+-------------+---------+-----------+-------+
[   10.553136] cloud-init[949]: Generating public/private rsa key pair.
[   10.558990] cloud-init[949]: Your identification has been saved in /etc/ssh/ssh_host_rsa_key.
[   10.565844] cloud-init[949]: Your public key has been saved in /etc/ssh/ssh_host_rsa_key.pub.
[   10.576650] cloud-init[949]: The key fingerprint is:
[   10.585316] cloud-init[949]: SHA256:HPBwRZh0/oQJwrUODMLCAb+Ct093uyWY5Zn1Jo97Y8I root@ubuntu-xenial
[   10.590810] cloud-init[949]: The key's randomart image is:
[   10.595700] cloud-init[949]: +---[RSA 2048]----+
[   10.600550] cloud-init[949]: |+oo ..+o==+      |
[   10.604877] cloud-init[949]: |.o.. o.*o= o     |
[   10.609505] cloud-init[949]:          Starting Pollinate to seed the pseudo random number generator...
         Starting LSB: Record successful boot for GRUB...
| ..   o + + .    |
[   10.619598]          Starting Snap Daemon...
cloud-init[949]:          Starting LXD - container startup/shutdown...
|.  .   + . o     |         Starting System Logging Service...

[   10.637315] [[0;32m  OK  [0m] Started /etc/rc.local Compatibility.
cloud-init[949]: |o o     S . .    |
[   10.654435] cloud-init[949]: | o .   = + .     |
[[0;32m  OK  [0m] Started iSCSI initiator daemon (iscsid).
[   10.660909] cloud-init[949]: |  . . + *.o o    |
[   10.666918] cloud-init[949]: |   o . . +E=+    |
[   10.675453] cloud-init[949]: |    .   o.o=..   |
[   10.682644] cloud-init[949]: +----[SHA256]-----+
         Starting Authenticate and Authorize Users to Run Privileged Tasks...
         Starting Login to default iSCSI targets...
[[0;32m  OK  [0m] Started LSB: MD monitoring daemon.
[[0;32m  OK  [0m] Started Login Service.
[[0;32m  OK  [0m] Started Unattended Upgrades Shutdown.
[[0;32m  OK  [0m] Started System Logging Service.
[   10.749842] cloud-init[949]: Generating public/private dsa key pair.
[   10.754554] cloud-init[949]: Your identification has been saved in /etc/ssh/ssh_host_dsa_key.
[   10.787299] cloud-init[949]: Your public key has been saved in /etc/ssh/ssh_host_dsa_key.pub.
[[0;32m  OK  [0m] Started LSB: Record successful boot for GRUB.
[[0;32m  OK  [0m] Started Login to default iSCSI targets.
[[0;32m  OK  [0m] Reached target Remote File Systems (Pre).
[[0;32m  OK  [0m] Reached target Remote File Systems.
         Starting LSB: daemon to balance interrupts for SMP systems...
         Starting Permit User Sessions...
         Starting LSB: automatic crash report generation...
         Starting LSB: Set the CPU Frequency Scaling governor to "ondemand"...
[[0;32m  OK  [0m] Started Permit User Sessions.
[   10.845958] cloud-init[949]:          Starting Terminate Plymouth Boot Screen...
         Starting Hold until boot process finishes up...
The key fingerprint is:[[0;32m  OK  [0m] Started Hold until boot process finishes up.
[[0;32m  OK  [0m] Started Getty on tty1.
         Starting Set console scheme...
[[0;32m  OK  [0m] Started Serial Getty on ttyS0.
[[0;32m  OK  [0m] Reached target Login Prompts.
[[0;32m  OK  [0m] Started Terminate Plymouth Boot Screen.

[   10.894942] [[0;32m  OK  [0m] Started Set console scheme.
cloud-init[949]: SHA256:UPKmqHqzFHRApGVbZ2iQ1Zfcz3aT72iN5bL7ffAJE0c root@ubuntu-xenial[[0;32m  OK  [0m] Started Authenticate and Authorize Users to Run Privileged Tasks.

[[0;32m  OK  [0m] Started Accounts Service.
[   10.916270] cloud-init[949]: The key's randomart image is:
[   10.921610] cloud-init[949]: +---[DSA 1024]----+
[   10.925612] cloud-init[949]: | oB+oo+..o       |
[   10.930754] cloud-init[[0;32m  OK  [0m] Started LSB: daemon to balance interrupts for SMP systems.
[949]: | +.+oo.++ .    E |
[[0;32m  OK  [0m] Started LSB: Set the CPU Frequency Scaling governor to "ondemand".
[[0;32m  OK  [0m] Started LSB: automatic crash report generation.
[   10.951841] cloud-init[949]: |. o.. ..o  o  .. |
[   10.963040] cloud-init[949]: | . . . +    +.+. |
[   10.967395] cloud-init[949]: |  . . . S  . .oo |
[   10.973917] cloud-init[949]: |   o         o. o|
[   10.986240] cloud-init[949]: [[0;32m  OK  [0m] Started LXD - container startup/shutdown.
|  o           oX.|
[   10.999313] cloud-init[949]: | oo           =.B|
[   11.015814] cloud-init[[0;32m  OK  [0m] Started Virtualbox guest utils.
[949]: |...o         .o=+|
[   11.030546] cloud-init[949]: +----[SHA256]-----+
[   11.040775] cloud-init[949]: Generating public/private ecdsa key pair.
[   11.048418] cloud-init[949]: Your identification has been saved in /etc/ssh/ssh_host_ecdsa_key.
[   11.056964] cloud-init[949]: Your public key has been saved in /etc/ssh/ssh_host_ecdsa_key.pub.
[   11.064739] cloud-init[949]: The key fingerprint is:
[   11.073644] cloud-init[949]: SHA256:BuuJpITJvQ0Btpz5bwNjyszRLS3S36ExNO1RhCk53Rk root@ubuntu-xenial
[   11.082434] cloud-init[949]: The key's randomart image is:
[   11.094624] cloud-init[949]: +---[ECDSA 256]---+
[   11.112622] cloud-init[949]: | o    o =Eo      |
[   11.118812] cloud-init[949]: |o =  +.+.o       |
[   11.121505] cloud-init[949]: | = . o+o         |
[   11.124326] cloud-init[949]: |.o= = oo.        |
[   11.128555] cloud-init[949]: |o+.%.=.oS        |
[   11.135720] cloud-init[949]: |+.=o@o=o.        |
[   11.140050] cloud-init[949]: | =...Bo.         |
[   11.147882] cloud-init[949]: |    . .          |
[   11.152649] cloud-init[949]: |                 |
[   11.156984] cloud-init[949]: +----[SHA256]-----+
[   11.161303] cloud-init[949]: Generating public/private ed25519 key pair.
[   11.166317] cloud-init[949]: Your identification has been saved in /etc/ssh/ssh_host_ed25519_key.
[   11.172098] cloud-init[949]: Your public key has been saved in /etc/ssh/ssh_host_ed25519_key.pub.
[   11.178976] cloud-init[949]: The key fingerprint is:
[   11.186089] cloud-init[949]: SHA256:vP9QaO/UW8eOA3GjrQMUuE/95VueFKgSbFgSfAtNtJQ root@ubuntu-xenial
[   11.192081] cloud-init[949]: The key's randomart image is:
[   11.196523] cloud-init[949]: +--[ED25519 256]--+
[   11.202318] cloud-init[949]: |      ..==.      |
[   11.206830] cloud-init[949]: |       +oEo      |
[   11.211345] cloud-init[949]: |        Bo.o  .  |
[   11.215290] cloud-init[949]: |       o.=o.o.o..|
[   11.220922] cloud-init[949]: |        S++ o* +.|
[   11.224937] cloud-init[949]: |         +o+o.ooo|
[   11.229862] cloud-init[949]: |        . o.ooo.B|
[   11.235984] cloud-init[949]: |         . +o .Bo|
[   11.240993] cloud-init[949]: |          ..o.o..|
[   11.245738] cloud-init[949]: +----[SHA256]-----+
[[0;32m  OK  [0m] Started Snap Daemon.
         Starting Wait until snapd is fully seeded...
[[0;32m  OK  [0m] Started Pollinate to seed the pseudo random number generator.
         Starting OpenBSD Secure Shell server...
[[0;32m  OK  [0m] Started OpenBSD Secure Shell server.
[[0;32m  OK  [0m] Created slice User Slice of vagrant.
         Starting User Manager for UID 1000...
[[0;32m  OK  [0m] Started Session 1 of user vagrant.
[[0;32m  OK  [0m] Started User Manager for UID 1000.
[[0;32m  OK  [0m] Started Wait until snapd is fully seeded.
         Starting Apply the settings specified in cloud-config...
[[0;32m  OK  [0m] Reached target Multi-User System.
[[0;32m  OK  [0m] Reached target Graphical Interface.
         Starting Update UTMP about System Runlevel Changes...
[[0;32m  OK  [0m] Started Update UTMP about System Runlevel Changes.
[   13.586337] cloud-init[1370]: Generating locales (this might take a while)...
[   14.585832] cloud-init[1370]:   en_US.UTF-8... done
[   14.592627] cloud-init[1370]: Generation complete.
         Stopping User Manager for UID 1000...
[[0;32m  OK  [0m] Stopped User Manager for UID 1000.
[[0;32m  OK  [0m] Removed slice User Slice of vagrant.
[   15.014979] cloud-init[1370]: Cloud-init v. 21.1-19-gbad84ad4-0ubuntu1~16.04.2 running 'modules:config' at Tue, 28 Mar 2023 15:17:09 +0000. Up 13.43 seconds.
[[0;32m  OK  [0m] Started Apply the settings specified in cloud-config.
         Starting Execute cloud user/final scripts...
[[0;32m  OK  [0m] Created slice User Slice of vagrant.
         Starting User Manager for UID 1000...
[[0;32m  OK  [0m] Started Session 2 of user vagrant.
[[0;32m  OK  [0m] Started User Manager for UID 1000.
ci-info: no authorized SSH keys fingerprints found for user ubuntu.
<14>Mar 28 15:17:11 ec2: 
<14>Mar 28 15:17:11 ec2: #############################################################
<14>Mar 28 15:17:11 ec2: -----BEGIN SSH HOST KEY FINGERPRINTS-----
<14>Mar 28 15:17:11 ec2: 1024 SHA256:UPKmqHqzFHRApGVbZ2iQ1Zfcz3aT72iN5bL7ffAJE0c root@ubuntu-xenial (DSA)
<14>Mar 28 15:17:11 ec2: 256 SHA256:BuuJpITJvQ0Btpz5bwNjyszRLS3S36ExNO1RhCk53Rk root@ubuntu-xenial (ECDSA)
<14>Mar 28 15:17:11 ec2: 256 SHA256:vP9QaO/UW8eOA3GjrQMUuE/95VueFKgSbFgSfAtNtJQ root@ubuntu-xenial (ED25519)
<14>Mar 28 15:17:11 ec2: 2048 SHA256:HPBwRZh0/oQJwrUODMLCAb+Ct093uyWY5Zn1Jo97Y8I root@ubuntu-xenial (RSA)
<14>Mar 28 15:17:11 ec2: -----END SSH HOST KEY FINGERPRINTS-----
<14>Mar 28 15:17:11 ec2: #############################################################
-----BEGIN SSH HOST KEY KEYS-----
ecdsa-sha2-nistp256 AAAAE2VjZHNhLXNoYTItbmlzdHAyNTYAAAAIbmlzdHAyNTYAAABBBKXm+6Xv9MfuMSiwMVWbdEL8H5yD42SjsRw65JGuXXRNKl/U1V38iNlqxY0sGJL8mUJ4n2xyun1WPzldHDGFnvE= root@ubuntu-xenial
ssh-ed25519 AAAAC3NzaC1lZDI1NTE5AAAAIPt3l7Zq6g4E9gyI5gshYKYWfDaqB9XirH8A9coBT21N root@ubuntu-xenial
ssh-rsa AAAAB3NzaC1yc2EAAAADAQABAAABAQDERYvkZb8NzrClpqZLTFU+DBPqPKbx/37js9lersgs4DpPVrDW8ukzKzTImkF0/4X8D8ZJ4y9h8B3nA0YZe7iMG0zMrqlG2DWkY6LMSd7Vju7xa2q3l1zME9TylZkSFwR2HcgnMcRD8OFWSLvc40Ake8AauNcNfhZtwDQPdAoLLJLwlfcLxWw4Wb6c2dCIdRf5fptP0yoYZASmCa6k+YVPbKb6f8JwLLKMOFu7n6PIjEl6uEmIoMy6KvqojXWS+1OF+HDFeJjqFxaF8qGcVFKExvfV8p5MMjDCoBs38PkGjeLDTYM1jZHZUa7wCahNvvqABvsV7sAzvd8Us1zSpo63 root@ubuntu-xenial
-----END SSH HOST KEY KEYS-----
[   15.656997] cloud-init[1592]: Cloud-init v. 21.1-19-gbad84ad4-0ubuntu1~16.04.2 running 'modules:final' at Tue, 28 Mar 2023 15:17:11 +0000. Up 15.46 seconds.
[   15.663209] cloud-init[1592]: ci-info: no authorized SSH keys fingerprints found for user ubuntu.
[   15.668039] cloud-init[1592]: Cloud-init v. 21.1-19-gbad84ad4-0ubuntu1~16.04.2 finished at Tue, 28 Mar 2023 15:17:11 +0000. Datasource DataSourceNoCloud [seed=/dev/sdb][dsmode=net].  Up 15.64 seconds
[[0;32m  OK  [0m] Started Execute cloud user/final scripts.
[[0;32m  OK  [0m] Reached target Cloud-init target.

Ubuntu 16.04.7 LTS ubuntu-xenial ttyS0

ubuntu-xenial login: 